// Jest Snapshot v1, https://goo.gl/fbAQLP

exports[`expect to render CardList Component 1`] = `ShallowWrapper {}`;
