// Jest Snapshot v1, https://goo.gl/fbAQLP

exports[`Renders the Counter Button Component 1`] = `ShallowWrapper {}`;
