// Jest Snapshot v1, https://goo.gl/fbAQLP

exports[`Testing the render of MainPage Component without crashing 1`] = `ShallowWrapper {}`;
